[coursetemplate.webflow.io/index.html]
[backblue.gif]
[fade.gif]
[index.html]
[assets.website-files.com/60d9feb9c76d589e5bee9402/css/coursetemplate.webflow.9818375a2.css]
[coursetemplate.webflow.io/about.html]
[coursetemplate.webflow.io/courses.html]
[coursetemplate.webflow.io/product/ultimate-growth-marketing-course.html]
[coursetemplate.webflow.io/video.html]
[coursetemplate.webflow.io/contact.html]
[coursetemplate.webflow.io/utility-pages/style-guide.html]
[coursetemplate.webflow.io/utility-pages/start-here.html]
[coursetemplate.webflow.io/utility-pages/licenses.html]
[coursetemplate.webflow.io/utility-pages/changelog.html]
[coursetemplate.webflow.io/checkout.html]
[assets.website-files.com/60d9feb9c76d589e5bee9402/60da1ba4b1808b6c265064a4_image-teacher-home-hero-course-x-template.jpg]
[assets.website-files.com/60d9feb9c76d589e5bee9402/60da1716793ffad45032643a_image-home-hero-course-x-template.jpg]
[assets.website-files.com/60d9feb9c76d589e5bee9402/60da218d41c66c1d88875ba2_image-home-about-course-x-template.jpg]
[assets.website-files.com/60d9feb9c76d589e5bee9402/60da39e9173ce88bcfce042d_image-home-course-steps-course-x-template.jpg]
[assets.website-files.com/60d9feb9c76d589e5bee9402/60da4e8c0a1f6ecff5b19314_image-1-testimonials-slider-course-x-template.png]
[assets.website-files.com/60d9feb9c76d589e5bee9402/60da4e8c4f02b6f2dc693428_image-2-testimonials-slider-course-x-template.png]
[assets.website-files.com/60d9feb9c76d589e5bee9402/60da4e8c1434f6f36addd4dc_image-3-testimonials-slider-course-x-template.png]
[d3e54v103j8qbb.cloudfront.net/js/jquery-3.5.1.min.dc5e7f18c8fba3.js]
[coursetemplate.webflow.io/index.html]
[assets.website-files.com/60d9feb9c76d589e5bee9402/css/coursetemplate.webflow.9818375a2.css]
[assets.website-files.com/60d9feb9c76d589e5bee9402/60db75c4897d3740bcb74b73_image-about-hero-course-x-template.jpg]
[assets.website-files.com/60d9feb9c76d589e5bee9402/js/webflow.d468c9680.js]
[assets.website-files.com/60d9feb9c76d589e5bee9402/60db7b7586410abb5828f738_image-1-story-course-x-template.jpg]
[assets.website-files.com/60d9feb9c76d589e5bee9402/60db7b75c6b58e7fb543a979_image-2-story-course-x-template.jpg]
[assets.website-files.com/60d9feb9c76d589e5bee9402/60db9a1829817a2ccb74a849_image-1-testimonials-about-course-x-template.jpg]
[assets.website-files.com/60d9feb9c76d589e5bee9402/60db9a1802095e7d7a516f7a_image-2-testimonials-about-course-x-template.jpg]
[coursetemplate.webflow.io/about.html]
[assets.website-files.com/60d9feb9c76d5832c1ee9412/60dbc388940d996d6722c6a5_image-1-courses-course-x-template.png]
[coursetemplate.webflow.io/product/brand-identity-design-for-marketers.html]
[assets.website-files.com/60d9feb9c76d5832c1ee9412/60dbc36c9fdd4535ea1c062b_image-2-courses-course-x-template.png]
[coursetemplate.webflow.io/product/landing-page-a-b-testing-conversion-optimization.html]
[assets.website-files.com/60d9feb9c76d5832c1ee9412/60dbc34f4fc2221216bee1cc_image-3-courses-course-x-template.png]
[coursetemplate.webflow.io/product/email-marketing-for-e-commerce.html]
[assets.website-files.com/60d9feb9c76d5832c1ee9412/60dbc33016e50b1fa0e7ce25_image-4-courses-course-x-template.png]
[coursetemplate.webflow.io/product/video-marketing-learn-to-plan-create-content.html]
[assets.website-files.com/60d9feb9c76d5832c1ee9412/60dbc31520f0374bc576e43f_image-5-courses-course-x-template.png]
[coursetemplate.webflow.io/product/growth-marketing-build-high-converting-funnels.html]
[assets.website-files.com/60d9feb9c76d5832c1ee9412/60dbc2d29fdd451e771c0546_image-6-courses-course-x-template.png]
[coursetemplate.webflow.io/product/advanced-funnels-with-google-analytics.html]
[assets.website-files.com/60d9feb9c76d5832c1ee9412/60dbc00c22effbfb00e37da4_image-7-courses-course-x-template.png]
[coursetemplate.webflow.io/courses.html]
[assets.website-files.com/60d9feb9c76d589e5bee9402/60dca8e551927177569b9cdd_image-3-testimonials-about-course-x-template.jpg]
[coursetemplate.webflow.io/product/ultimate-growth-marketing-course.html]
[coursetemplate.webflow.io/video.html]
[coursetemplate.webflow.io/contact.html]
[assets.website-files.com/60d9feb9c76d589e5bee9402/60de2fec37a4b55f4ee47f95_image-figure-post-course-x-template.jpg]
[coursetemplate.webflow.io/utility-pages/style-guide.html]
[assets.website-files.com/60d9feb9c76d589e5bee9402/610359264481f418a126f51f_course-x-webflow-template-and-ui-kit-color.jpg]
[assets.website-files.com/60d9feb9c76d589e5bee9402/610359322d874f2c66e3395d_course-x-webflow-template-and-ui-kit-typography.jpg]
[assets.website-files.com/60d9feb9c76d589e5bee9402/61035973ab4397d3f9179c86_course-x-webflow-template-and-ui-kit-custom-typography.png]
[assets.website-files.com/60d9feb9c76d589e5bee9402/6103597b24990290dbae5a54_course-x-webflow-template-and-ui-kit-icons-and-graphics.jpg]
[assets.website-files.com/60d9feb9c76d589e5bee9402/61035985026da370a430408b_course-x-webflow-template-and-ui-kit-static-content.jpg]
[assets.website-files.com/60d9feb9c76d589e5bee9402/61035a2b50fe9ecd7364cb6d_course-x-webflow-template-and-ui-kit-CMS.jpg]
[assets.website-files.com/60d9feb9c76d589e5bee9402/61035a312515667f6d94b572_course-x-webflow-template-and-ui-kit-CMS-Collection.jpg]
[assets.website-files.com/60d9feb9c76d589e5bee9402/61035a3a217b5d6513b2befb_course-x-webflow-template-and-ui-kit-CMS-content.jpg]
[assets.website-files.com/60d9feb9c76d589e5bee9402/61035a513e1c0144a5aa91bc_course-x-webflow-template-and-ui-kit-eCommerce.jpg]
[assets.website-files.com/60d9feb9c76d589e5bee9402/61035a5b4ac03f6e22673715_course-x-webflow-template-and-ui-kit-eCommerce-collection.jpg]
[assets.website-files.com/60d9feb9c76d589e5bee9402/61035a7250fe9e00fb64cd49_course-x-webflow-template-and-ui-kit-eCommerce-Content.jpg]
[assets.website-files.com/60d9feb9c76d589e5bee9402/61035a812d4ec2333c76b7af_course-x-template-and-ui-kit-animations.jpg]
[assets.website-files.com/60d9feb9c76d589e5bee9402/61035a8ddd3e9dd805b37c1a_course-x-template-and-ui-kit-responsive-design.jpg]
[assets.website-files.com/60d9feb9c76d589e5bee9402/61035aa1da7a4071671ee80f_course-x-webflow-template-and-ui-kit-seo.jpg]
[assets.website-files.com/60d9feb9c76d589e5bee9402/61035aadab43976f9017a206_course-x-webflow-template-and-ui-kit-backups.jpg]
[coursetemplate.webflow.io/utility-pages/start-here.html]
[assets.website-files.com/60d9feb9c76d589e5bee9402/61032bfa042074b50f620546_image-1-licenses-unsplash-course-x-webflow-template.jpg]
[assets.website-files.com/60d9feb9c76d589e5bee9402/61032bfbd3296ff4c7c088cb_image-2-licenses-unsplash-course-x-webflow-template.jpg]
[assets.website-files.com/60d9feb9c76d589e5bee9402/61032bfa8b5db01d09f7f3c8_image-3-licenses-unsplash-course-x-webflow-template.jpg]
[assets.website-files.com/60d9feb9c76d589e5bee9402/61032bfa45fd16c3ad4575dc_image-1-licenses-pexels-course-x-webflow-template.jpg]
[assets.website-files.com/60d9feb9c76d589e5bee9402/61032bfa84383810908fa6b4_image-2-licenses-pexels-course-x-webflow-template.jpg]
[assets.website-files.com/60d9feb9c76d589e5bee9402/61032bfa05d7500c74d30e7c_image-3-licenses-pexels-course-x-webflow-template.jpg]
[assets.website-files.com/60d9feb9c76d589e5bee9402/61032bfae537a874a04a8720_image-1-licenses-freepik-course-x-webflow-template.jpg]
[coursetemplate.webflow.io/utility-pages/licenses.html]
[coursetemplate.webflow.io/utility-pages/changelog.html]
[coursetemplate.webflow.io/checkout.html]
[coursetemplate.webflow.io/product/brand-identity-design-for-marketers.html]
[coursetemplate.webflow.io/product/landing-page-a-b-testing-conversion-optimization.html]
[coursetemplate.webflow.io/product/email-marketing-for-e-commerce.html]
[coursetemplate.webflow.io/product/video-marketing-learn-to-plan-create-content.html]
[coursetemplate.webflow.io/product/growth-marketing-build-high-converting-funnels.html]
[coursetemplate.webflow.io/product/advanced-funnels-with-google-analytics.html]
[coursetemplate.webflow.io/blog]
[coursetemplate.webflow.io/blog/how-to-create-a-great-content-marketing-plan]
[coursetemplate.webflow.io/404]
[coursetemplate.webflow.io/401]
